// Jest Snapshot v1, https://goo.gl/fbAQLP

exports[`render button 1`] = `
<button
  background="aqua"
  borderRadius="12px"
  className="styles__ButtonStyle-sc-1hhwn61-0 bFpobR"
  onClick={[Function]}
  padding="10px 20px"
  type="button"
>
  Click
</button>
`;
