// Jest Snapshot v1, https://goo.gl/fbAQLP

exports[`render text 1`] = `
<select>
  <option>
    1213
  </option>
  <option>
    1213
  </option>
  <option>
    1213
  </option>
</select>
`;
