// Jest Snapshot v1, https://goo.gl/fbAQLP

exports[`render button 1`] = `
<div
  className="styles__BoxButton-sc-1f4hn43-0 gbLRBs"
>
  <button
    className="styles__ButtonAqua-sc-1f4hn43-1 jkWVxD"
  />
</div>
`;
